---
source: metriken-query/tests/translate_snapshots.rs
expression: combined
---

=========================
counter_irate_basic
=========================
WITH rates AS (
  SELECT timestamp,
    irate_lag("requests", LAG("requests") OVER w, timestamp - LAG(timestamp) OVER w) AS val_0
  FROM _src
  WINDOW w AS (ORDER BY timestamp)
)
SELECT CAST(timestamp AS DOUBLE) / 1e9 AS t, v AS v
FROM (
      SELECT timestamp, val_0 AS v FROM rates
) per_series


=========================
counter_irate_by_g_with_labels
=========================
WITH rates AS (
  SELECT timestamp,
    irate_lag("softirq/hi/0", LAG("softirq/hi/0") OVER w, timestamp - LAG(timestamp) OVER w) AS val_0,
    irate_lag("softirq/timer/0", LAG("softirq/timer/0") OVER w, timestamp - LAG(timestamp) OVER w) AS val_1,
    irate_lag("softirq/net_rx/0", LAG("softirq/net_rx/0") OVER w, timestamp - LAG(timestamp) OVER w) AS val_2
  FROM _src
  WINDOW w AS (ORDER BY timestamp)
)
SELECT CAST(timestamp AS DOUBLE) / 1e9 AS t, ((COALESCE(val_0, 0))) AS v, 'hi' AS "kind" FROM rates WHERE val_0 IS NOT NULL
      UNION ALL
      SELECT CAST(timestamp AS DOUBLE) / 1e9 AS t, ((COALESCE(val_2, 0))) AS v, 'net_rx' AS "kind" FROM rates WHERE val_2 IS NOT NULL
      UNION ALL
      SELECT CAST(timestamp AS DOUBLE) / 1e9 AS t, ((COALESCE(val_1, 0))) AS v, 'timer' AS "kind" FROM rates WHERE val_1 IS NOT NULL

=========================
counter_irate_by_g_with_labels_scaled
=========================
WITH rates AS (
  SELECT timestamp,
    irate_lag("softirq/hi/0", LAG("softirq/hi/0") OVER w, timestamp - LAG(timestamp) OVER w) AS val_0,
    irate_lag("softirq/timer/0", LAG("softirq/timer/0") OVER w, timestamp - LAG(timestamp) OVER w) AS val_1,
    irate_lag("softirq/net_rx/0", LAG("softirq/net_rx/0") OVER w, timestamp - LAG(timestamp) OVER w) AS val_2
  FROM _src
  WINDOW w AS (ORDER BY timestamp)
)
SELECT CAST(timestamp AS DOUBLE) / 1e9 AS t, ((COALESCE(val_0, 0))) / 1000 AS v, 'hi' AS "kind" FROM rates WHERE val_0 IS NOT NULL
      UNION ALL
      SELECT CAST(timestamp AS DOUBLE) / 1e9 AS t, ((COALESCE(val_2, 0))) / 1000 AS v, 'net_rx' AS "kind" FROM rates WHERE val_2 IS NOT NULL
      UNION ALL
      SELECT CAST(timestamp AS DOUBLE) / 1e9 AS t, ((COALESCE(val_1, 0))) / 1000 AS v, 'timer' AS "kind" FROM rates WHERE val_1 IS NOT NULL

=========================
counter_irate_by_id_generic
=========================
WITH rates AS (
  SELECT timestamp,
    irate_lag("cpu_instructions/0", LAG("cpu_instructions/0") OVER w, timestamp - LAG(timestamp) OVER w) AS val_0,
    irate_lag("cpu_instructions/1", LAG("cpu_instructions/1") OVER w, timestamp - LAG(timestamp) OVER w) AS val_1
  FROM _src
  WINDOW w AS (ORDER BY timestamp)
)
SELECT CAST(timestamp AS DOUBLE) / 1e9 AS t, ((COALESCE(val_0, 0))) AS v, '0' AS "id" FROM rates WHERE val_0 IS NOT NULL
      UNION ALL
      SELECT CAST(timestamp AS DOUBLE) / 1e9 AS t, ((COALESCE(val_1, 0))) AS v, '1' AS "id" FROM rates WHERE val_1 IS NOT NULL

=========================
counter_irate_by_id_scaled
=========================
WITH rates AS (
  SELECT timestamp,
    irate_lag("cpu_usage/user/0", LAG("cpu_usage/user/0") OVER w, timestamp - LAG(timestamp) OVER w) AS val_0,
    irate_lag("cpu_usage/system/0", LAG("cpu_usage/system/0") OVER w, timestamp - LAG(timestamp) OVER w) AS val_1,
    irate_lag("cpu_usage/softirq/0", LAG("cpu_usage/softirq/0") OVER w, timestamp - LAG(timestamp) OVER w) AS val_2,
    irate_lag("cpu_usage/irq/0", LAG("cpu_usage/irq/0") OVER w, timestamp - LAG(timestamp) OVER w) AS val_3,
    irate_lag("cpu_usage/user/1", LAG("cpu_usage/user/1") OVER w, timestamp - LAG(timestamp) OVER w) AS val_4,
    irate_lag("cpu_usage/system/1", LAG("cpu_usage/system/1") OVER w, timestamp - LAG(timestamp) OVER w) AS val_5,
    irate_lag("cpu_usage/softirq/1", LAG("cpu_usage/softirq/1") OVER w, timestamp - LAG(timestamp) OVER w) AS val_6,
    irate_lag("cpu_usage/irq/1", LAG("cpu_usage/irq/1") OVER w, timestamp - LAG(timestamp) OVER w) AS val_7
  FROM _src
  WINDOW w AS (ORDER BY timestamp)
)
SELECT CAST(timestamp AS DOUBLE) / 1e9 AS t, ((COALESCE(val_0, 0) + COALESCE(val_1, 0) + COALESCE(val_2, 0) + COALESCE(val_3, 0))) / 1000000000 AS v, '0' AS "id" FROM rates WHERE val_0 IS NOT NULL OR val_1 IS NOT NULL OR val_2 IS NOT NULL OR val_3 IS NOT NULL
      UNION ALL
      SELECT CAST(timestamp AS DOUBLE) / 1e9 AS t, ((COALESCE(val_4, 0) + COALESCE(val_5, 0) + COALESCE(val_6, 0) + COALESCE(val_7, 0))) / 1000000000 AS v, '1' AS "id" FROM rates WHERE val_4 IS NOT NULL OR val_5 IS NOT NULL OR val_6 IS NOT NULL OR val_7 IS NOT NULL

=========================
counter_irate_by_id_with_labels
=========================
WITH rates AS (
  SELECT timestamp,
    irate_lag("softirq/hi/0", LAG("softirq/hi/0") OVER w, timestamp - LAG(timestamp) OVER w) AS val_0,
    irate_lag("softirq/hi/1", LAG("softirq/hi/1") OVER w, timestamp - LAG(timestamp) OVER w) AS val_1
  FROM _src
  WINDOW w AS (ORDER BY timestamp)
)
SELECT CAST(timestamp AS DOUBLE) / 1e9 AS t, ((COALESCE(val_0, 0))) AS v, '0' AS "id" FROM rates WHERE val_0 IS NOT NULL
      UNION ALL
      SELECT CAST(timestamp AS DOUBLE) / 1e9 AS t, ((COALESCE(val_1, 0))) AS v, '1' AS "id" FROM rates WHERE val_1 IS NOT NULL

=========================
counter_irate_by_id_with_labels_scaled
=========================
WITH rates AS (
  SELECT timestamp,
    irate_lag("cpu_usage/user/0", LAG("cpu_usage/user/0") OVER w, timestamp - LAG(timestamp) OVER w) AS val_0,
    irate_lag("cpu_usage/user/1", LAG("cpu_usage/user/1") OVER w, timestamp - LAG(timestamp) OVER w) AS val_1
  FROM _src
  WINDOW w AS (ORDER BY timestamp)
)
SELECT CAST(timestamp AS DOUBLE) / 1e9 AS t, ((COALESCE(val_0, 0))) / 1000000000 AS v, '0' AS "id" FROM rates WHERE val_0 IS NOT NULL
      UNION ALL
      SELECT CAST(timestamp AS DOUBLE) / 1e9 AS t, ((COALESCE(val_1, 0))) / 1000000000 AS v, '1' AS "id" FROM rates WHERE val_1 IS NOT NULL

=========================
counter_irate_ratio_with_labels
=========================
WITH rates AS (
  SELECT timestamp,
    irate_lag("softirq_time/hi/0", LAG("softirq_time/hi/0") OVER w, timestamp - LAG(timestamp) OVER w) AS a_0,
    irate_lag("softirq_time/hi/1", LAG("softirq_time/hi/1") OVER w, timestamp - LAG(timestamp) OVER w) AS a_1,
    irate_lag("softirq/hi/0", LAG("softirq/hi/0") OVER w, timestamp - LAG(timestamp) OVER w) AS b_0,
    irate_lag("softirq/hi/1", LAG("softirq/hi/1") OVER w, timestamp - LAG(timestamp) OVER w) AS b_1
  FROM _src
  WINDOW w AS (ORDER BY timestamp)
)
SELECT CAST(timestamp AS DOUBLE) / 1e9 AS t, ((CASE WHEN a_0 IS NOT NULL OR a_1 IS NOT NULL THEN (COALESCE(a_0, 0) + COALESCE(a_1, 0)) END) / NULLIF((CASE WHEN b_0 IS NOT NULL OR b_1 IS NOT NULL THEN (COALESCE(b_0, 0) + COALESCE(b_1, 0)) END), 0)) AS v
FROM rates

=========================
counter_irate_reset
=========================
WITH rates AS (
  SELECT timestamp,
    irate_lag("requests", LAG("requests") OVER w, timestamp - LAG(timestamp) OVER w) AS val_0
  FROM _src
  WINDOW w AS (ORDER BY timestamp)
)
SELECT CAST(timestamp AS DOUBLE) / 1e9 AS t, v AS v
FROM (
      SELECT timestamp, val_0 AS v FROM rates
) per_series


=========================
counter_irate_subtract_with_labels
=========================
WITH rates AS (
  SELECT timestamp,
    irate_lag("softirq/hi/0", LAG("softirq/hi/0") OVER w, timestamp - LAG(timestamp) OVER w) AS a_0,
    irate_lag("softirq/hi/1", LAG("softirq/hi/1") OVER w, timestamp - LAG(timestamp) OVER w) AS a_1,
    irate_lag("softirq_time/hi/0", LAG("softirq_time/hi/0") OVER w, timestamp - LAG(timestamp) OVER w) AS b_0,
    irate_lag("softirq_time/hi/1", LAG("softirq_time/hi/1") OVER w, timestamp - LAG(timestamp) OVER w) AS b_1
  FROM _src
  WINDOW w AS (ORDER BY timestamp)
)
SELECT CAST(timestamp AS DOUBLE) / 1e9 AS t, ((CASE WHEN a_0 IS NOT NULL OR a_1 IS NOT NULL THEN (COALESCE(a_0, 0) + COALESCE(a_1, 0)) END) - COALESCE((CASE WHEN b_0 IS NOT NULL OR b_1 IS NOT NULL THEN (COALESCE(b_0, 0) + COALESCE(b_1, 0)) END), 0)) AS v
FROM rates

=========================
counter_irate_sum_with_labels
=========================
WITH rates AS (
  SELECT timestamp,
    irate_lag("softirq/hi/0", LAG("softirq/hi/0") OVER w, timestamp - LAG(timestamp) OVER w) AS val_0,
    irate_lag("softirq/hi/1", LAG("softirq/hi/1") OVER w, timestamp - LAG(timestamp) OVER w) AS val_1
  FROM _src
  WINDOW w AS (ORDER BY timestamp)
)
SELECT CAST(timestamp AS DOUBLE) / 1e9 AS t, ((COALESCE(val_0, 0) + COALESCE(val_1, 0))) AS v FROM rates WHERE val_0 IS NOT NULL OR val_1 IS NOT NULL

=========================
counter_irate_total_mul
=========================
WITH rates AS (
  SELECT timestamp,
    irate_lag("softirq/hi/0", LAG("softirq/hi/0") OVER w, timestamp - LAG(timestamp) OVER w) AS val_0,
    irate_lag("softirq/hi/1", LAG("softirq/hi/1") OVER w, timestamp - LAG(timestamp) OVER w) AS val_1
  FROM _src
  WINDOW w AS (ORDER BY timestamp)
)
SELECT CAST(timestamp AS DOUBLE) / 1e9 AS t, ((COALESCE(val_0, 0) + COALESCE(val_1, 0))) / 0.125 AS v FROM rates WHERE val_0 IS NOT NULL OR val_1 IS NOT NULL

=========================
counter_irate_total_per_cpu_core_pct
=========================
WITH rates AS (
  SELECT timestamp,
    irate_lag("cpu_usage/user/0", LAG("cpu_usage/user/0") OVER w, timestamp - LAG(timestamp) OVER w) AS val_0,
    irate_lag("cpu_usage/system/0", LAG("cpu_usage/system/0") OVER w, timestamp - LAG(timestamp) OVER w) AS val_1,
    irate_lag("cpu_usage/softirq/0", LAG("cpu_usage/softirq/0") OVER w, timestamp - LAG(timestamp) OVER w) AS val_2,
    irate_lag("cpu_usage/irq/0", LAG("cpu_usage/irq/0") OVER w, timestamp - LAG(timestamp) OVER w) AS val_3,
    irate_lag("cpu_usage/user/1", LAG("cpu_usage/user/1") OVER w, timestamp - LAG(timestamp) OVER w) AS val_4,
    irate_lag("cpu_usage/system/1", LAG("cpu_usage/system/1") OVER w, timestamp - LAG(timestamp) OVER w) AS val_5,
    irate_lag("cpu_usage/softirq/1", LAG("cpu_usage/softirq/1") OVER w, timestamp - LAG(timestamp) OVER w) AS val_6,
    irate_lag("cpu_usage/irq/1", LAG("cpu_usage/irq/1") OVER w, timestamp - LAG(timestamp) OVER w) AS val_7,
    CAST("cpu_cores" AS DOUBLE) AS cores
  FROM _src
  WINDOW w AS (ORDER BY timestamp)
)
SELECT CAST(timestamp AS DOUBLE) / 1e9 AS t, ((COALESCE(val_0, 0) + COALESCE(val_1, 0) + COALESCE(val_2, 0) + COALESCE(val_3, 0) + COALESCE(val_4, 0) + COALESCE(val_5, 0) + COALESCE(val_6, 0) + COALESCE(val_7, 0)) / NULLIF(cores, 0)) / 1000000000 AS v FROM rates WHERE val_0 IS NOT NULL OR val_1 IS NOT NULL OR val_2 IS NOT NULL OR val_3 IS NOT NULL OR val_4 IS NOT NULL OR val_5 IS NOT NULL OR val_6 IS NOT NULL OR val_7 IS NOT NULL

=========================
counter_irate_total_scaled
=========================
WITH rates AS (
  SELECT timestamp,
    irate_lag("cpu_usage/user/0", LAG("cpu_usage/user/0") OVER w, timestamp - LAG(timestamp) OVER w) AS val_0,
    irate_lag("cpu_usage/system/0", LAG("cpu_usage/system/0") OVER w, timestamp - LAG(timestamp) OVER w) AS val_1,
    irate_lag("cpu_usage/softirq/0", LAG("cpu_usage/softirq/0") OVER w, timestamp - LAG(timestamp) OVER w) AS val_2,
    irate_lag("cpu_usage/irq/0", LAG("cpu_usage/irq/0") OVER w, timestamp - LAG(timestamp) OVER w) AS val_3,
    irate_lag("cpu_usage/user/1", LAG("cpu_usage/user/1") OVER w, timestamp - LAG(timestamp) OVER w) AS val_4,
    irate_lag("cpu_usage/system/1", LAG("cpu_usage/system/1") OVER w, timestamp - LAG(timestamp) OVER w) AS val_5,
    irate_lag("cpu_usage/softirq/1", LAG("cpu_usage/softirq/1") OVER w, timestamp - LAG(timestamp) OVER w) AS val_6,
    irate_lag("cpu_usage/irq/1", LAG("cpu_usage/irq/1") OVER w, timestamp - LAG(timestamp) OVER w) AS val_7
  FROM _src
  WINDOW w AS (ORDER BY timestamp)
)
SELECT CAST(timestamp AS DOUBLE) / 1e9 AS t, ((COALESCE(val_0, 0) + COALESCE(val_1, 0) + COALESCE(val_2, 0) + COALESCE(val_3, 0) + COALESCE(val_4, 0) + COALESCE(val_5, 0) + COALESCE(val_6, 0) + COALESCE(val_7, 0))) / 1000000000 AS v FROM rates WHERE val_0 IS NOT NULL OR val_1 IS NOT NULL OR val_2 IS NOT NULL OR val_3 IS NOT NULL OR val_4 IS NOT NULL OR val_5 IS NOT NULL OR val_6 IS NOT NULL OR val_7 IS NOT NULL

=========================
counter_irate_with_labels_per_cpu_core_pct
=========================
WITH rates AS (
  SELECT timestamp,
    irate_lag("cpu_usage/user/0", LAG("cpu_usage/user/0") OVER w, timestamp - LAG(timestamp) OVER w) AS val_0,
    irate_lag("cpu_usage/user/1", LAG("cpu_usage/user/1") OVER w, timestamp - LAG(timestamp) OVER w) AS val_1,
    CAST("cpu_cores" AS DOUBLE) AS cores
  FROM _src
  WINDOW w AS (ORDER BY timestamp)
)
SELECT CAST(timestamp AS DOUBLE) / 1e9 AS t, ((COALESCE(val_0, 0) + COALESCE(val_1, 0)) / NULLIF(cores, 0)) / 1000000000 AS v FROM rates WHERE val_0 IS NOT NULL OR val_1 IS NOT NULL

=========================
counter_irate_with_labels_scaled
=========================
WITH rates AS (
  SELECT timestamp,
    irate_lag("softirq/hi/0", LAG("softirq/hi/0") OVER w, timestamp - LAG(timestamp) OVER w) AS val_0,
    irate_lag("softirq/hi/1", LAG("softirq/hi/1") OVER w, timestamp - LAG(timestamp) OVER w) AS val_1
  FROM _src
  WINDOW w AS (ORDER BY timestamp)
)
SELECT CAST(timestamp AS DOUBLE) / 1e9 AS t, ((COALESCE(val_0, 0) + COALESCE(val_1, 0))) / 1000 AS v FROM rates WHERE val_0 IS NOT NULL OR val_1 IS NOT NULL

=========================
counter_rate_bare_generic
=========================
WITH per_pair AS (
  SELECT timestamp,
    irate_lag("requests", LAG("requests") OVER w, timestamp - LAG(timestamp) OVER w) AS inc_0,
    CASE WHEN "requests" IS NOT NULL THEN timestamp END AS t_first_0
  FROM _src
  WINDOW w AS (ORDER BY timestamp)
),
rates AS (
  SELECT timestamp,
    (SUM(inc_0) OVER w - COALESCE(FIRST_VALUE(inc_0) OVER w, 0)) / NULLIF(CAST(timestamp - MIN(t_first_0) OVER w AS DOUBLE) / 1e9, 0) AS val_0
  FROM per_pair
  WINDOW w AS (ORDER BY timestamp RANGE BETWEEN 300000000000 PRECEDING AND CURRENT ROW)
)
SELECT CAST(timestamp AS DOUBLE) / 1e9 AS t, v AS v
FROM (
      SELECT timestamp, val_0 AS v FROM rates
) per_series


=========================
counter_rate_basic
=========================
WITH per_pair AS (
  SELECT timestamp,
    irate_lag("requests", LAG("requests") OVER w, timestamp - LAG(timestamp) OVER w) AS inc_0,
    CASE WHEN "requests" IS NOT NULL THEN timestamp END AS t_first_0
  FROM _src
  WINDOW w AS (ORDER BY timestamp)
),
rates AS (
  SELECT timestamp,
    (SUM(inc_0) OVER w - COALESCE(FIRST_VALUE(inc_0) OVER w, 0)) / NULLIF(CAST(timestamp - MIN(t_first_0) OVER w AS DOUBLE) / 1e9, 0) AS val_0
  FROM per_pair
  WINDOW w AS (ORDER BY timestamp RANGE BETWEEN 300000000000 PRECEDING AND CURRENT ROW)
)
SELECT CAST(timestamp AS DOUBLE) / 1e9 AS t, v AS v
FROM (
      SELECT timestamp, val_0 AS v FROM rates
) per_series


=========================
counter_rate_reset
=========================
WITH per_pair AS (
  SELECT timestamp,
    irate_lag("requests", LAG("requests") OVER w, timestamp - LAG(timestamp) OVER w) AS inc_0,
    CASE WHEN "requests" IS NOT NULL THEN timestamp END AS t_first_0
  FROM _src
  WINDOW w AS (ORDER BY timestamp)
),
rates AS (
  SELECT timestamp,
    (SUM(inc_0) OVER w - COALESCE(FIRST_VALUE(inc_0) OVER w, 0)) / NULLIF(CAST(timestamp - MIN(t_first_0) OVER w AS DOUBLE) / 1e9, 0) AS val_0
  FROM per_pair
  WINDOW w AS (ORDER BY timestamp RANGE BETWEEN 300000000000 PRECEDING AND CURRENT ROW)
)
SELECT CAST(timestamp AS DOUBLE) / 1e9 AS t, v AS v
FROM (
      SELECT timestamp, val_0 AS v FROM rates
) per_series


=========================
counter_rate_sum_scaled
=========================
WITH per_pair AS (
  SELECT timestamp,
    irate_lag("requests", LAG("requests") OVER w, timestamp - LAG(timestamp) OVER w) AS inc_0,
    CASE WHEN "requests" IS NOT NULL THEN timestamp END AS t_first_0
  FROM _src
  WINDOW w AS (ORDER BY timestamp)
),
rates AS (
  SELECT timestamp,
    (SUM(inc_0) OVER w - COALESCE(FIRST_VALUE(inc_0) OVER w, 0)) / NULLIF(CAST(timestamp - MIN(t_first_0) OVER w AS DOUBLE) / 1e9, 0) AS val_0
  FROM per_pair
  WINDOW w AS (ORDER BY timestamp RANGE BETWEEN 300000000000 PRECEDING AND CURRENT ROW)
)
SELECT CAST(timestamp AS DOUBLE) / 1e9 AS t, ((COALESCE(val_0, 0))) AS v FROM rates WHERE val_0 IS NOT NULL

=========================
counter_ratio
=========================
WITH rates AS (
  SELECT timestamp,
    irate_lag("cpu_usage/user/0", LAG("cpu_usage/user/0") OVER w, timestamp - LAG(timestamp) OVER w) AS a_0,
    irate_lag("cpu_usage/user/1", LAG("cpu_usage/user/1") OVER w, timestamp - LAG(timestamp) OVER w) AS a_1,
    irate_lag("cpu_usage/user/0", LAG("cpu_usage/user/0") OVER w, timestamp - LAG(timestamp) OVER w) AS b_0,
    irate_lag("cpu_usage/system/0", LAG("cpu_usage/system/0") OVER w, timestamp - LAG(timestamp) OVER w) AS b_1,
    irate_lag("cpu_usage/softirq/0", LAG("cpu_usage/softirq/0") OVER w, timestamp - LAG(timestamp) OVER w) AS b_2,
    irate_lag("cpu_usage/irq/0", LAG("cpu_usage/irq/0") OVER w, timestamp - LAG(timestamp) OVER w) AS b_3,
    irate_lag("cpu_usage/user/1", LAG("cpu_usage/user/1") OVER w, timestamp - LAG(timestamp) OVER w) AS b_4,
    irate_lag("cpu_usage/system/1", LAG("cpu_usage/system/1") OVER w, timestamp - LAG(timestamp) OVER w) AS b_5,
    irate_lag("cpu_usage/softirq/1", LAG("cpu_usage/softirq/1") OVER w, timestamp - LAG(timestamp) OVER w) AS b_6,
    irate_lag("cpu_usage/irq/1", LAG("cpu_usage/irq/1") OVER w, timestamp - LAG(timestamp) OVER w) AS b_7
  FROM _src
  WINDOW w AS (ORDER BY timestamp)
)
SELECT CAST(timestamp AS DOUBLE) / 1e9 AS t, ((CASE WHEN a_0 IS NOT NULL OR a_1 IS NOT NULL THEN (COALESCE(a_0, 0) + COALESCE(a_1, 0)) END) / NULLIF((CASE WHEN b_0 IS NOT NULL OR b_1 IS NOT NULL OR b_2 IS NOT NULL OR b_3 IS NOT NULL OR b_4 IS NOT NULL OR b_5 IS NOT NULL OR b_6 IS NOT NULL OR b_7 IS NOT NULL THEN (COALESCE(b_0, 0) + COALESCE(b_1, 0) + COALESCE(b_2, 0) + COALESCE(b_3, 0) + COALESCE(b_4, 0) + COALESCE(b_5, 0) + COALESCE(b_6, 0) + COALESCE(b_7, 0)) END), 0)) AS v
FROM rates

=========================
counter_ratio_by_g_with_labels
=========================
WITH
a_rates AS (
  SELECT timestamp,
    irate_lag("softirq_time/hi/0", LAG("softirq_time/hi/0") OVER w, timestamp - LAG(timestamp) OVER w) AS val_0,
    irate_lag("softirq_time/timer/0", LAG("softirq_time/timer/0") OVER w, timestamp - LAG(timestamp) OVER w) AS val_1,
    irate_lag("softirq_time/net_rx/0", LAG("softirq_time/net_rx/0") OVER w, timestamp - LAG(timestamp) OVER w) AS val_2
  FROM _src
  WINDOW w AS (ORDER BY timestamp)
),
a_summed AS (
      SELECT timestamp, (COALESCE(val_0, 0)) AS v, 'hi' AS "kind" FROM a_rates WHERE val_0 IS NOT NULL
      UNION ALL
      SELECT timestamp, (COALESCE(val_2, 0)) AS v, 'net_rx' AS "kind" FROM a_rates WHERE val_2 IS NOT NULL
      UNION ALL
      SELECT timestamp, (COALESCE(val_1, 0)) AS v, 'timer' AS "kind" FROM a_rates WHERE val_1 IS NOT NULL
),
b_rates AS (
  SELECT timestamp,
    irate_lag("softirq/hi/0", LAG("softirq/hi/0") OVER w, timestamp - LAG(timestamp) OVER w) AS val_0,
    irate_lag("softirq/timer/0", LAG("softirq/timer/0") OVER w, timestamp - LAG(timestamp) OVER w) AS val_1,
    irate_lag("softirq/net_rx/0", LAG("softirq/net_rx/0") OVER w, timestamp - LAG(timestamp) OVER w) AS val_2
  FROM _src
  WINDOW w AS (ORDER BY timestamp)
),
b_summed AS (
      SELECT timestamp, (COALESCE(val_0, 0)) AS v, 'hi' AS "kind" FROM b_rates WHERE val_0 IS NOT NULL
      UNION ALL
      SELECT timestamp, (COALESCE(val_2, 0)) AS v, 'net_rx' AS "kind" FROM b_rates WHERE val_2 IS NOT NULL
      UNION ALL
      SELECT timestamp, (COALESCE(val_1, 0)) AS v, 'timer' AS "kind" FROM b_rates WHERE val_1 IS NOT NULL
)
SELECT CAST(a.timestamp AS DOUBLE) / 1e9 AS t, (a.v / NULLIF(b.v, 0)) AS v, a."kind"
FROM a_summed a JOIN b_summed b ON a.timestamp = b.timestamp AND a."kind" = b."kind"

=========================
counter_ratio_by_id_complement
=========================
WITH
a_rates AS (
  SELECT timestamp,
    irate_lag("cpu_instructions/0", LAG("cpu_instructions/0") OVER w, timestamp - LAG(timestamp) OVER w) AS val_0,
    irate_lag("cpu_instructions/1", LAG("cpu_instructions/1") OVER w, timestamp - LAG(timestamp) OVER w) AS val_1
  FROM _src
  WINDOW w AS (ORDER BY timestamp)
),
a_summed AS (
      SELECT timestamp, (COALESCE(val_0, 0)) AS v, '0' AS "id" FROM a_rates WHERE val_0 IS NOT NULL
      UNION ALL
      SELECT timestamp, (COALESCE(val_1, 0)) AS v, '1' AS "id" FROM a_rates WHERE val_1 IS NOT NULL
),
b_rates AS (
  SELECT timestamp,
    irate_lag("cpu_cycles/0", LAG("cpu_cycles/0") OVER w, timestamp - LAG(timestamp) OVER w) AS val_0,
    irate_lag("cpu_cycles/1", LAG("cpu_cycles/1") OVER w, timestamp - LAG(timestamp) OVER w) AS val_1
  FROM _src
  WINDOW w AS (ORDER BY timestamp)
),
b_summed AS (
      SELECT timestamp, (COALESCE(val_0, 0)) AS v, '0' AS "id" FROM b_rates WHERE val_0 IS NOT NULL
      UNION ALL
      SELECT timestamp, (COALESCE(val_1, 0)) AS v, '1' AS "id" FROM b_rates WHERE val_1 IS NOT NULL
)
SELECT CAST(a.timestamp AS DOUBLE) / 1e9 AS t, ((1 - (a.v / NULLIF(b.v, 0)))) AS v, a."id"
FROM a_summed a JOIN b_summed b ON a.timestamp = b.timestamp AND a."id" = b."id"

=========================
counter_ratio_by_id_generic
=========================
WITH
a_rates AS (
  SELECT timestamp,
    irate_lag("cpu_instructions/0", LAG("cpu_instructions/0") OVER w, timestamp - LAG(timestamp) OVER w) AS val_0,
    irate_lag("cpu_instructions/1", LAG("cpu_instructions/1") OVER w, timestamp - LAG(timestamp) OVER w) AS val_1
  FROM _src
  WINDOW w AS (ORDER BY timestamp)
),
a_summed AS (
      SELECT timestamp, (COALESCE(val_0, 0)) AS v, '0' AS "id" FROM a_rates WHERE val_0 IS NOT NULL
      UNION ALL
      SELECT timestamp, (COALESCE(val_1, 0)) AS v, '1' AS "id" FROM a_rates WHERE val_1 IS NOT NULL
),
b_rates AS (
  SELECT timestamp,
    irate_lag("cpu_cycles/0", LAG("cpu_cycles/0") OVER w, timestamp - LAG(timestamp) OVER w) AS val_0,
    irate_lag("cpu_cycles/1", LAG("cpu_cycles/1") OVER w, timestamp - LAG(timestamp) OVER w) AS val_1
  FROM _src
  WINDOW w AS (ORDER BY timestamp)
),
b_summed AS (
      SELECT timestamp, (COALESCE(val_0, 0)) AS v, '0' AS "id" FROM b_rates WHERE val_0 IS NOT NULL
      UNION ALL
      SELECT timestamp, (COALESCE(val_1, 0)) AS v, '1' AS "id" FROM b_rates WHERE val_1 IS NOT NULL
)
SELECT CAST(a.timestamp AS DOUBLE) / 1e9 AS t, (a.v / NULLIF(b.v, 0)) AS v, a."id"
FROM a_summed a JOIN b_summed b ON a.timestamp = b.timestamp AND a."id" = b."id"

=========================
counter_ratio_by_id_scaled
=========================
WITH
a_rates AS (
  SELECT timestamp,
    irate_lag("cpu_instructions/0", LAG("cpu_instructions/0") OVER w, timestamp - LAG(timestamp) OVER w) AS val_0,
    irate_lag("cpu_instructions/1", LAG("cpu_instructions/1") OVER w, timestamp - LAG(timestamp) OVER w) AS val_1
  FROM _src
  WINDOW w AS (ORDER BY timestamp)
),
a_summed AS (
      SELECT timestamp, (COALESCE(val_0, 0)) AS v, '0' AS "id" FROM a_rates WHERE val_0 IS NOT NULL
      UNION ALL
      SELECT timestamp, (COALESCE(val_1, 0)) AS v, '1' AS "id" FROM a_rates WHERE val_1 IS NOT NULL
),
b_rates AS (
  SELECT timestamp,
    irate_lag("cpu_cycles/0", LAG("cpu_cycles/0") OVER w, timestamp - LAG(timestamp) OVER w) AS val_0,
    irate_lag("cpu_cycles/1", LAG("cpu_cycles/1") OVER w, timestamp - LAG(timestamp) OVER w) AS val_1
  FROM _src
  WINDOW w AS (ORDER BY timestamp)
),
b_summed AS (
      SELECT timestamp, (COALESCE(val_0, 0)) AS v, '0' AS "id" FROM b_rates WHERE val_0 IS NOT NULL
      UNION ALL
      SELECT timestamp, (COALESCE(val_1, 0)) AS v, '1' AS "id" FROM b_rates WHERE val_1 IS NOT NULL
)
SELECT CAST(a.timestamp AS DOUBLE) / 1e9 AS t, (a.v / NULLIF(b.v, 0)) * 1000 AS v, a."id"
FROM a_summed a JOIN b_summed b ON a.timestamp = b.timestamp AND a."id" = b."id"

=========================
counter_ratio_complement
=========================
WITH rates AS (
  SELECT timestamp,
    irate_lag("rezolus_bpf_run_count/cpu/usage", LAG("rezolus_bpf_run_count/cpu/usage") OVER w, timestamp - LAG(timestamp) OVER w) AS a_0,
    irate_lag("rezolus_bpf_run_count/memory/meminfo", LAG("rezolus_bpf_run_count/memory/meminfo") OVER w, timestamp - LAG(timestamp) OVER w) AS a_1,
    irate_lag("rezolus_bpf_run_time/cpu/usage", LAG("rezolus_bpf_run_time/cpu/usage") OVER w, timestamp - LAG(timestamp) OVER w) AS b_0,
    irate_lag("rezolus_bpf_run_time/memory/meminfo", LAG("rezolus_bpf_run_time/memory/meminfo") OVER w, timestamp - LAG(timestamp) OVER w) AS b_1
  FROM _src
  WINDOW w AS (ORDER BY timestamp)
)
SELECT CAST(timestamp AS DOUBLE) / 1e9 AS t, ((1 - ((CASE WHEN a_0 IS NOT NULL OR a_1 IS NOT NULL THEN (COALESCE(a_0, 0) + COALESCE(a_1, 0)) END) / NULLIF((CASE WHEN b_0 IS NOT NULL OR b_1 IS NOT NULL THEN (COALESCE(b_0, 0) + COALESCE(b_1, 0)) END), 0)))) AS v
FROM rates

=========================
counter_ratio_generic
=========================
WITH rates AS (
  SELECT timestamp,
    irate_lag("rezolus_bpf_run_time/cpu/usage", LAG("rezolus_bpf_run_time/cpu/usage") OVER w, timestamp - LAG(timestamp) OVER w) AS a_0,
    irate_lag("rezolus_bpf_run_time/memory/meminfo", LAG("rezolus_bpf_run_time/memory/meminfo") OVER w, timestamp - LAG(timestamp) OVER w) AS a_1,
    irate_lag("rezolus_bpf_run_count/cpu/usage", LAG("rezolus_bpf_run_count/cpu/usage") OVER w, timestamp - LAG(timestamp) OVER w) AS b_0,
    irate_lag("rezolus_bpf_run_count/memory/meminfo", LAG("rezolus_bpf_run_count/memory/meminfo") OVER w, timestamp - LAG(timestamp) OVER w) AS b_1
  FROM _src
  WINDOW w AS (ORDER BY timestamp)
)
SELECT CAST(timestamp AS DOUBLE) / 1e9 AS t, ((CASE WHEN a_0 IS NOT NULL OR a_1 IS NOT NULL THEN (COALESCE(a_0, 0) + COALESCE(a_1, 0)) END) / NULLIF((CASE WHEN b_0 IS NOT NULL OR b_1 IS NOT NULL THEN (COALESCE(b_0, 0) + COALESCE(b_1, 0)) END), 0)) AS v
FROM rates

=========================
counter_ratio_scaled
=========================
WITH rates AS (
  SELECT timestamp,
    irate_lag("rezolus_bpf_run_time/cpu/usage", LAG("rezolus_bpf_run_time/cpu/usage") OVER w, timestamp - LAG(timestamp) OVER w) AS a_0,
    irate_lag("rezolus_bpf_run_time/memory/meminfo", LAG("rezolus_bpf_run_time/memory/meminfo") OVER w, timestamp - LAG(timestamp) OVER w) AS a_1,
    irate_lag("rezolus_bpf_run_count/cpu/usage", LAG("rezolus_bpf_run_count/cpu/usage") OVER w, timestamp - LAG(timestamp) OVER w) AS b_0,
    irate_lag("rezolus_bpf_run_count/memory/meminfo", LAG("rezolus_bpf_run_count/memory/meminfo") OVER w, timestamp - LAG(timestamp) OVER w) AS b_1
  FROM _src
  WINDOW w AS (ORDER BY timestamp)
)
SELECT CAST(timestamp AS DOUBLE) / 1e9 AS t, ((CASE WHEN a_0 IS NOT NULL OR a_1 IS NOT NULL THEN (COALESCE(a_0, 0) + COALESCE(a_1, 0)) END) / NULLIF((CASE WHEN b_0 IS NOT NULL OR b_1 IS NOT NULL THEN (COALESCE(b_0, 0) + COALESCE(b_1, 0)) END), 0)) * 1000 AS v
FROM rates

=========================
counter_sum_by_id
=========================
WITH rates AS (
  SELECT timestamp,
    irate_lag("cpu_usage/user/0", LAG("cpu_usage/user/0") OVER w, timestamp - LAG(timestamp) OVER w) AS val_0,
    irate_lag("cpu_usage/system/0", LAG("cpu_usage/system/0") OVER w, timestamp - LAG(timestamp) OVER w) AS val_1,
    irate_lag("cpu_usage/softirq/0", LAG("cpu_usage/softirq/0") OVER w, timestamp - LAG(timestamp) OVER w) AS val_2,
    irate_lag("cpu_usage/irq/0", LAG("cpu_usage/irq/0") OVER w, timestamp - LAG(timestamp) OVER w) AS val_3,
    irate_lag("cpu_usage/user/1", LAG("cpu_usage/user/1") OVER w, timestamp - LAG(timestamp) OVER w) AS val_4,
    irate_lag("cpu_usage/system/1", LAG("cpu_usage/system/1") OVER w, timestamp - LAG(timestamp) OVER w) AS val_5,
    irate_lag("cpu_usage/softirq/1", LAG("cpu_usage/softirq/1") OVER w, timestamp - LAG(timestamp) OVER w) AS val_6,
    irate_lag("cpu_usage/irq/1", LAG("cpu_usage/irq/1") OVER w, timestamp - LAG(timestamp) OVER w) AS val_7
  FROM _src
  WINDOW w AS (ORDER BY timestamp)
)
SELECT CAST(timestamp AS DOUBLE) / 1e9 AS t, ((COALESCE(val_0, 0) + COALESCE(val_1, 0) + COALESCE(val_2, 0) + COALESCE(val_3, 0))) AS v, '0' AS "id" FROM rates WHERE val_0 IS NOT NULL OR val_1 IS NOT NULL OR val_2 IS NOT NULL OR val_3 IS NOT NULL
      UNION ALL
      SELECT CAST(timestamp AS DOUBLE) / 1e9 AS t, ((COALESCE(val_4, 0) + COALESCE(val_5, 0) + COALESCE(val_6, 0) + COALESCE(val_7, 0))) AS v, '1' AS "id" FROM rates WHERE val_4 IS NOT NULL OR val_5 IS NOT NULL OR val_6 IS NOT NULL OR val_7 IS NOT NULL

=========================
counter_sum_by_id_filtered
=========================
WITH rates AS (
  SELECT timestamp,
    irate_lag("cpu_usage/user/0", LAG("cpu_usage/user/0") OVER w, timestamp - LAG(timestamp) OVER w) AS val_0,
    irate_lag("cpu_usage/user/1", LAG("cpu_usage/user/1") OVER w, timestamp - LAG(timestamp) OVER w) AS val_1
  FROM _src
  WINDOW w AS (ORDER BY timestamp)
)
SELECT CAST(timestamp AS DOUBLE) / 1e9 AS t, ((COALESCE(val_0, 0))) AS v, '0' AS "id" FROM rates WHERE val_0 IS NOT NULL
      UNION ALL
      SELECT CAST(timestamp AS DOUBLE) / 1e9 AS t, ((COALESCE(val_1, 0))) AS v, '1' AS "id" FROM rates WHERE val_1 IS NOT NULL

=========================
counter_total_sum
=========================
WITH rates AS (
  SELECT timestamp,
    irate_lag("cpu_usage/user/0", LAG("cpu_usage/user/0") OVER w, timestamp - LAG(timestamp) OVER w) AS val_0,
    irate_lag("cpu_usage/system/0", LAG("cpu_usage/system/0") OVER w, timestamp - LAG(timestamp) OVER w) AS val_1,
    irate_lag("cpu_usage/softirq/0", LAG("cpu_usage/softirq/0") OVER w, timestamp - LAG(timestamp) OVER w) AS val_2,
    irate_lag("cpu_usage/irq/0", LAG("cpu_usage/irq/0") OVER w, timestamp - LAG(timestamp) OVER w) AS val_3,
    irate_lag("cpu_usage/user/1", LAG("cpu_usage/user/1") OVER w, timestamp - LAG(timestamp) OVER w) AS val_4,
    irate_lag("cpu_usage/system/1", LAG("cpu_usage/system/1") OVER w, timestamp - LAG(timestamp) OVER w) AS val_5,
    irate_lag("cpu_usage/softirq/1", LAG("cpu_usage/softirq/1") OVER w, timestamp - LAG(timestamp) OVER w) AS val_6,
    irate_lag("cpu_usage/irq/1", LAG("cpu_usage/irq/1") OVER w, timestamp - LAG(timestamp) OVER w) AS val_7
  FROM _src
  WINDOW w AS (ORDER BY timestamp)
)
SELECT CAST(timestamp AS DOUBLE) / 1e9 AS t, ((COALESCE(val_0, 0) + COALESCE(val_1, 0) + COALESCE(val_2, 0) + COALESCE(val_3, 0) + COALESCE(val_4, 0) + COALESCE(val_5, 0) + COALESCE(val_6, 0) + COALESCE(val_7, 0))) AS v FROM rates WHERE val_0 IS NOT NULL OR val_1 IS NOT NULL OR val_2 IS NOT NULL OR val_3 IS NOT NULL OR val_4 IS NOT NULL OR val_5 IS NOT NULL OR val_6 IS NOT NULL OR val_7 IS NOT NULL

=========================
counter_total_sum_generic
=========================
WITH rates AS (
  SELECT timestamp,
    irate_lag("cpu_usage/user/0", LAG("cpu_usage/user/0") OVER w, timestamp - LAG(timestamp) OVER w) AS val_0,
    irate_lag("cpu_usage/system/0", LAG("cpu_usage/system/0") OVER w, timestamp - LAG(timestamp) OVER w) AS val_1,
    irate_lag("cpu_usage/softirq/0", LAG("cpu_usage/softirq/0") OVER w, timestamp - LAG(timestamp) OVER w) AS val_2,
    irate_lag("cpu_usage/irq/0", LAG("cpu_usage/irq/0") OVER w, timestamp - LAG(timestamp) OVER w) AS val_3,
    irate_lag("cpu_usage/user/1", LAG("cpu_usage/user/1") OVER w, timestamp - LAG(timestamp) OVER w) AS val_4,
    irate_lag("cpu_usage/system/1", LAG("cpu_usage/system/1") OVER w, timestamp - LAG(timestamp) OVER w) AS val_5,
    irate_lag("cpu_usage/softirq/1", LAG("cpu_usage/softirq/1") OVER w, timestamp - LAG(timestamp) OVER w) AS val_6,
    irate_lag("cpu_usage/irq/1", LAG("cpu_usage/irq/1") OVER w, timestamp - LAG(timestamp) OVER w) AS val_7
  FROM _src
  WINDOW w AS (ORDER BY timestamp)
)
SELECT CAST(timestamp AS DOUBLE) / 1e9 AS t, ((COALESCE(val_0, 0) + COALESCE(val_1, 0) + COALESCE(val_2, 0) + COALESCE(val_3, 0) + COALESCE(val_4, 0) + COALESCE(val_5, 0) + COALESCE(val_6, 0) + COALESCE(val_7, 0))) AS v FROM rates WHERE val_0 IS NOT NULL OR val_1 IS NOT NULL OR val_2 IS NOT NULL OR val_3 IS NOT NULL OR val_4 IS NOT NULL OR val_5 IS NOT NULL OR val_6 IS NOT NULL OR val_7 IS NOT NULL

=========================
gauge_a_over_a_plus_b
=========================
SELECT CAST(NULL AS DOUBLE) AS t, CAST(NULL AS DOUBLE) AS v WHERE FALSE

=========================
gauge_avg_bare
=========================
WITH rates AS (
  SELECT timestamp,
    CAST("memory_total" AS DOUBLE) AS val_0
  FROM _src
)
SELECT CAST(timestamp AS DOUBLE) / 1e9 AS t, AVG(v) AS v
FROM (
      SELECT timestamp, val_0 AS v FROM rates
) per_series
GROUP BY timestamp ORDER BY t

=========================
gauge_avg_over_time
=========================
SELECT CAST(timestamp AS DOUBLE) / 1e9 AS t, AVG(CAST("queue_depth" AS DOUBLE)) OVER (ORDER BY timestamp ROWS BETWEEN 300 PRECEDING AND CURRENT ROW) AS v
FROM _src WHERE "queue_depth" IS NOT NULL
ORDER BY t

=========================
gauge_avg_scaled
=========================
WITH rates AS (
  SELECT timestamp,
    CAST("memory_total" AS DOUBLE) AS val_0
  FROM _src
)
SELECT CAST(timestamp AS DOUBLE) / 1e9 AS t, AVG(v) AS v
FROM (
      SELECT timestamp, val_0 AS v FROM rates
) per_series
GROUP BY timestamp ORDER BY t

=========================
gauge_bare
=========================
WITH rates AS (
  SELECT timestamp,
    CAST("memory_total" AS DOUBLE) AS val_0
  FROM _src
)
SELECT CAST(timestamp AS DOUBLE) / 1e9 AS t, v AS v
FROM (
      SELECT timestamp, val_0 AS v FROM rates
) per_series


=========================
gauge_bare_with_labels
=========================
SELECT CAST(NULL AS DOUBLE) AS t, CAST(NULL AS DOUBLE) AS v WHERE FALSE

=========================
gauge_divide
=========================
SELECT CAST(timestamp AS DOUBLE) / 1e9 AS t, CAST("memory_total" AS DOUBLE) / NULLIF(CAST("queue_depth" AS DOUBLE), 0) AS v FROM _src WHERE "memory_total" IS NOT NULL AND "queue_depth" IS NOT NULL

=========================
gauge_max_bare
=========================
WITH rates AS (
  SELECT timestamp,
    CAST("memory_total" AS DOUBLE) AS val_0
  FROM _src
)
SELECT CAST(timestamp AS DOUBLE) / 1e9 AS t, MAX(v) AS v
FROM (
      SELECT timestamp, val_0 AS v FROM rates
) per_series
GROUP BY timestamp ORDER BY t

=========================
gauge_negative
=========================
WITH rates AS (
  SELECT timestamp,
    CAST("temperature_offset" AS DOUBLE) AS val_0
  FROM _src
)
SELECT CAST(timestamp AS DOUBLE) / 1e9 AS t, v AS v
FROM (
      SELECT timestamp, val_0 AS v FROM rates
) per_series


=========================
gauge_ratio_with_labels_ignoring
=========================
SELECT CAST(NULL AS DOUBLE) AS t, CAST(NULL AS DOUBLE) AS v WHERE FALSE

=========================
gauge_subtract
=========================
SELECT CAST(timestamp AS DOUBLE) / 1e9 AS t, CAST("memory_total" AS DOUBLE) - CAST("queue_depth" AS DOUBLE) AS v FROM _src WHERE "memory_total" IS NOT NULL AND "queue_depth" IS NOT NULL

=========================
gauge_sum_bare
=========================
WITH rates AS (
  SELECT timestamp,
    CAST("memory_total" AS DOUBLE) AS val_0
  FROM _src
)
SELECT CAST(timestamp AS DOUBLE) / 1e9 AS t, ((COALESCE(val_0, 0))) AS v FROM rates WHERE val_0 IS NOT NULL

=========================
gauge_sum_by_g_bare
=========================
SELECT CAST(NULL AS DOUBLE) AS t, CAST(NULL AS DOUBLE) AS v, CAST(NULL AS VARCHAR) AS "source" WHERE FALSE

=========================
gauge_sum_by_g_scaled
=========================
SELECT CAST(NULL AS DOUBLE) AS t, CAST(NULL AS DOUBLE) AS v, CAST(NULL AS VARCHAR) AS "source" WHERE FALSE

=========================
gauge_sum_by_g_with_labels
=========================
SELECT CAST(NULL AS DOUBLE) AS t, CAST(NULL AS DOUBLE) AS v, CAST(NULL AS VARCHAR) AS "source" WHERE FALSE

=========================
gauge_sum_by_g_with_labels_scaled
=========================
SELECT CAST(NULL AS DOUBLE) AS t, CAST(NULL AS DOUBLE) AS v, CAST(NULL AS VARCHAR) AS "source" WHERE FALSE

=========================
gauge_sum_scaled
=========================
WITH rates AS (
  SELECT timestamp,
    CAST("memory_total" AS DOUBLE) AS val_0
  FROM _src
)
SELECT CAST(timestamp AS DOUBLE) / 1e9 AS t, ((COALESCE(val_0, 0))) / 1024 AS v FROM rates WHERE val_0 IS NOT NULL

=========================
gauge_sum_with_labels
=========================
SELECT CAST(NULL AS DOUBLE) AS t, CAST(NULL AS DOUBLE) AS v WHERE FALSE

=========================
histogram_heatmap_generic
=========================
WITH combined AS (
  SELECT timestamp, "request_latency:buckets" AS buckets, ROW_NUMBER() OVER (ORDER BY timestamp) AS rn FROM _src
),
per_tick AS (
  SELECT a.timestamp, h2_delta(a.buckets, b.buckets) AS d
  FROM combined a LEFT JOIN combined b ON b.rn = a.rn - 1
)
SELECT CAST(timestamp AS DOUBLE) / 1e9 AS t, (u.ordinal - 1)::INTEGER AS bucket_idx, u.value::DOUBLE AS count, 3::INTEGER AS p
FROM per_tick CROSS JOIN UNNEST(d) WITH ORDINALITY AS u(value, ordinal)
WHERE u.value > 0
ORDER BY t, bucket_idx

=========================
histogram_quantile_empty_period
=========================
WITH combined AS (
  SELECT timestamp, "request_latency:buckets" AS buckets, ROW_NUMBER() OVER (ORDER BY timestamp) AS rn FROM _src
),
per_tick AS (
  SELECT a.timestamp, h2_delta(a.buckets, b.buckets) AS d
  FROM combined a LEFT JOIN combined b ON b.rn = a.rn - 1
)
SELECT t, v FROM (
  SELECT CAST(timestamp AS DOUBLE) / 1e9 AS t, CAST(h2_quantile(d, 0.5, 3) AS DOUBLE) AS v
  FROM per_tick
)
WHERE v IS NOT NULL
ORDER BY t

=========================
histogram_quantile_generic
=========================
WITH combined AS (
  SELECT timestamp, "request_latency:buckets" AS buckets, ROW_NUMBER() OVER (ORDER BY timestamp) AS rn FROM _src
),
per_tick AS (
  SELECT a.timestamp, h2_delta(a.buckets, b.buckets) AS d
  FROM combined a LEFT JOIN combined b ON b.rn = a.rn - 1
)
SELECT t, v FROM (
  SELECT CAST(timestamp AS DOUBLE) / 1e9 AS t, CAST(h2_quantile(d, 0.5, 3) AS DOUBLE) AS v
  FROM per_tick
)
WHERE v IS NOT NULL
ORDER BY t

=========================
histogram_quantile_with_reset
=========================
WITH combined AS (
  SELECT timestamp, "request_latency:buckets" AS buckets, ROW_NUMBER() OVER (ORDER BY timestamp) AS rn FROM _src
),
per_tick AS (
  SELECT a.timestamp, h2_delta(a.buckets, b.buckets) AS d
  FROM combined a LEFT JOIN combined b ON b.rn = a.rn - 1
)
SELECT t, v FROM (
  SELECT CAST(timestamp AS DOUBLE) / 1e9 AS t, CAST(h2_quantile(d, 0.5, 3) AS DOUBLE) AS v
  FROM per_tick
)
WHERE v IS NOT NULL
ORDER BY t

=========================
histogram_quantiles_rezolus_ext
=========================
WITH combined AS (
  SELECT timestamp, "request_latency:buckets" AS buckets, ROW_NUMBER() OVER (ORDER BY timestamp) AS rn FROM _src
),
walked AS (
  SELECT a.timestamp, h2_quantiles(h2_delta(a.buckets, b.buckets), [0.5, 0.9, 0.99]::DOUBLE[], 3) AS qs
  FROM combined a LEFT JOIN combined b ON b.rn = a.rn - 1
)
SELECT CAST(timestamp AS DOUBLE) / 1e9 AS t, CAST(qs[q.idx] AS DOUBLE) AS v, q.label AS quantile
FROM walked CROSS JOIN (VALUES (1, '0.5'), (2, '0.9'), (3, '0.99')) AS q(idx, label)
ORDER BY quantile, t

=========================
memory_util_pct
=========================
SELECT CAST(timestamp AS DOUBLE) / 1e9 AS t, (CAST("memory_total" AS DOUBLE) - CAST("memory_available" AS DOUBLE)) / NULLIF(CAST("memory_total" AS DOUBLE), 0) AS v FROM _src WHERE "memory_total" IS NOT NULL AND "memory_available" IS NOT NULL

=========================
rezolus_bpf_avg_run_time_per_sampler
=========================
WITH
a_rates AS (
  SELECT timestamp,
    irate_lag("rezolus_bpf_run_time/cpu/usage", LAG("rezolus_bpf_run_time/cpu/usage") OVER w, timestamp - LAG(timestamp) OVER w) AS val_0,
    irate_lag("rezolus_bpf_run_time/memory/meminfo", LAG("rezolus_bpf_run_time/memory/meminfo") OVER w, timestamp - LAG(timestamp) OVER w) AS val_1
  FROM _src
  WINDOW w AS (ORDER BY timestamp)
),
a_summed AS (
      SELECT timestamp, (COALESCE(val_0, 0)) AS v, 'cpu/usage' AS "sampler" FROM a_rates WHERE val_0 IS NOT NULL
      UNION ALL
      SELECT timestamp, (COALESCE(val_1, 0)) AS v, 'memory/meminfo' AS "sampler" FROM a_rates WHERE val_1 IS NOT NULL
),
b_rates AS (
  SELECT timestamp,
    irate_lag("rezolus_bpf_run_count/cpu/usage", LAG("rezolus_bpf_run_count/cpu/usage") OVER w, timestamp - LAG(timestamp) OVER w) AS val_0,
    irate_lag("rezolus_bpf_run_count/memory/meminfo", LAG("rezolus_bpf_run_count/memory/meminfo") OVER w, timestamp - LAG(timestamp) OVER w) AS val_1
  FROM _src
  WINDOW w AS (ORDER BY timestamp)
),
b_summed AS (
      SELECT timestamp, (COALESCE(val_0, 0)) AS v, 'cpu/usage' AS "sampler" FROM b_rates WHERE val_0 IS NOT NULL
      UNION ALL
      SELECT timestamp, (COALESCE(val_1, 0)) AS v, 'memory/meminfo' AS "sampler" FROM b_rates WHERE val_1 IS NOT NULL
)
SELECT CAST(a.timestamp AS DOUBLE) / 1e9 AS t, (a.v / NULLIF(b.v, 0)) / 1000000000 AS v, a."sampler"
FROM a_summed a JOIN b_summed b ON a.timestamp = b.timestamp AND a."sampler" = b."sampler"

=========================
rezolus_bpf_run_time_sec
=========================
WITH rates AS (
  SELECT timestamp,
    irate_lag("rezolus_bpf_run_time/cpu/usage", LAG("rezolus_bpf_run_time/cpu/usage") OVER w, timestamp - LAG(timestamp) OVER w) AS val_0,
    irate_lag("rezolus_bpf_run_time/memory/meminfo", LAG("rezolus_bpf_run_time/memory/meminfo") OVER w, timestamp - LAG(timestamp) OVER w) AS val_1
  FROM _src
  WINDOW w AS (ORDER BY timestamp)
)
SELECT CAST(timestamp AS DOUBLE) / 1e9 AS t, ((COALESCE(val_0, 0) + COALESCE(val_1, 0))) / 1000000000 AS v FROM rates WHERE val_0 IS NOT NULL OR val_1 IS NOT NULL

=========================
rezolus_bpf_run_time_sec_per_sampler
=========================
WITH rates AS (
  SELECT timestamp,
    irate_lag("rezolus_bpf_run_time/cpu/usage", LAG("rezolus_bpf_run_time/cpu/usage") OVER w, timestamp - LAG(timestamp) OVER w) AS val_0,
    irate_lag("rezolus_bpf_run_time/memory/meminfo", LAG("rezolus_bpf_run_time/memory/meminfo") OVER w, timestamp - LAG(timestamp) OVER w) AS val_1
  FROM _src
  WINDOW w AS (ORDER BY timestamp)
)
SELECT CAST(timestamp AS DOUBLE) / 1e9 AS t, ((COALESCE(val_0, 0))) / 1000000000 AS v, 'cpu/usage' AS "sampler" FROM rates WHERE val_0 IS NOT NULL
      UNION ALL
      SELECT CAST(timestamp AS DOUBLE) / 1e9 AS t, ((COALESCE(val_1, 0))) / 1000000000 AS v, 'memory/meminfo' AS "sampler" FROM rates WHERE val_1 IS NOT NULL

=========================
rezolus_cpu_aperf_chain_per_id
=========================
WITH
a_rates AS (
  SELECT timestamp,
    irate_lag("cpu_tsc/0", LAG("cpu_tsc/0") OVER w, timestamp - LAG(timestamp) OVER w) AS val_0,
    irate_lag("cpu_tsc/1", LAG("cpu_tsc/1") OVER w, timestamp - LAG(timestamp) OVER w) AS val_1
  FROM _src
  WINDOW w AS (ORDER BY timestamp)
),
a_summed AS (
      SELECT timestamp, (COALESCE(val_0, 0)) AS v, '0' AS "id" FROM a_rates WHERE val_0 IS NOT NULL
      UNION ALL
      SELECT timestamp, (COALESCE(val_1, 0)) AS v, '1' AS "id" FROM a_rates WHERE val_1 IS NOT NULL
),
b_rates AS (
  SELECT timestamp,
    irate_lag("cpu_aperf/0", LAG("cpu_aperf/0") OVER w, timestamp - LAG(timestamp) OVER w) AS val_0,
    irate_lag("cpu_aperf/1", LAG("cpu_aperf/1") OVER w, timestamp - LAG(timestamp) OVER w) AS val_1
  FROM _src
  WINDOW w AS (ORDER BY timestamp)
),
b_summed AS (
      SELECT timestamp, (COALESCE(val_0, 0)) AS v, '0' AS "id" FROM b_rates WHERE val_0 IS NOT NULL
      UNION ALL
      SELECT timestamp, (COALESCE(val_1, 0)) AS v, '1' AS "id" FROM b_rates WHERE val_1 IS NOT NULL
),
c_rates AS (
  SELECT timestamp,
    irate_lag("cpu_mperf/0", LAG("cpu_mperf/0") OVER w, timestamp - LAG(timestamp) OVER w) AS val_0,
    irate_lag("cpu_mperf/1", LAG("cpu_mperf/1") OVER w, timestamp - LAG(timestamp) OVER w) AS val_1
  FROM _src
  WINDOW w AS (ORDER BY timestamp)
),
c_summed AS (
      SELECT timestamp, (COALESCE(val_0, 0)) AS v, '0' AS "id" FROM c_rates WHERE val_0 IS NOT NULL
      UNION ALL
      SELECT timestamp, (COALESCE(val_1, 0)) AS v, '1' AS "id" FROM c_rates WHERE val_1 IS NOT NULL
)
SELECT CAST(a.timestamp AS DOUBLE) / 1e9 AS t, (a.v * b.v / NULLIF(c.v, 0)) AS v, a."id"
FROM a_summed a JOIN b_summed b ON a.timestamp = b.timestamp AND a."id" = b."id" JOIN c_summed c ON a.timestamp = c.timestamp AND a."id" = c."id"

=========================
rezolus_cpu_aperf_chain_total
=========================
WITH
a_rates AS (
  SELECT timestamp,
    irate_lag("cpu_tsc/0", LAG("cpu_tsc/0") OVER w, timestamp - LAG(timestamp) OVER w) AS val_0,
    irate_lag("cpu_tsc/1", LAG("cpu_tsc/1") OVER w, timestamp - LAG(timestamp) OVER w) AS val_1
  FROM _src
  WINDOW w AS (ORDER BY timestamp)
),
a_summed AS (
      SELECT timestamp, (COALESCE(val_0, 0) + COALESCE(val_1, 0)) AS v FROM a_rates WHERE val_0 IS NOT NULL OR val_1 IS NOT NULL
),
b_rates AS (
  SELECT timestamp,
    irate_lag("cpu_aperf/0", LAG("cpu_aperf/0") OVER w, timestamp - LAG(timestamp) OVER w) AS val_0,
    irate_lag("cpu_aperf/1", LAG("cpu_aperf/1") OVER w, timestamp - LAG(timestamp) OVER w) AS val_1
  FROM _src
  WINDOW w AS (ORDER BY timestamp)
),
b_summed AS (
      SELECT timestamp, (COALESCE(val_0, 0) + COALESCE(val_1, 0)) AS v FROM b_rates WHERE val_0 IS NOT NULL OR val_1 IS NOT NULL
),
c_rates AS (
  SELECT timestamp,
    irate_lag("cpu_mperf/0", LAG("cpu_mperf/0") OVER w, timestamp - LAG(timestamp) OVER w) AS val_0,
    irate_lag("cpu_mperf/1", LAG("cpu_mperf/1") OVER w, timestamp - LAG(timestamp) OVER w) AS val_1
  FROM _src
  WINDOW w AS (ORDER BY timestamp)
),
c_summed AS (
      SELECT timestamp, (COALESCE(val_0, 0) + COALESCE(val_1, 0)) AS v FROM c_rates WHERE val_0 IS NOT NULL OR val_1 IS NOT NULL
),
cores AS (
  SELECT timestamp, CAST("cpu_cores" AS DOUBLE) AS v FROM _src
)
SELECT CAST(a.timestamp AS DOUBLE) / 1e9 AS t, ((a.v * b.v / NULLIF(c.v, 0)) / NULLIF(cores.v, 0)) AS v
FROM a_summed a JOIN b_summed b ON a.timestamp = b.timestamp JOIN c_summed c ON a.timestamp = c.timestamp JOIN cores cores ON a.timestamp = cores.timestamp

=========================
rezolus_cpu_busy_pct
=========================
WITH rates AS (
  SELECT timestamp,
    irate_lag("cpu_usage/user/0", LAG("cpu_usage/user/0") OVER w, timestamp - LAG(timestamp) OVER w) AS val_0,
    irate_lag("cpu_usage/system/0", LAG("cpu_usage/system/0") OVER w, timestamp - LAG(timestamp) OVER w) AS val_1,
    irate_lag("cpu_usage/softirq/0", LAG("cpu_usage/softirq/0") OVER w, timestamp - LAG(timestamp) OVER w) AS val_2,
    irate_lag("cpu_usage/irq/0", LAG("cpu_usage/irq/0") OVER w, timestamp - LAG(timestamp) OVER w) AS val_3,
    irate_lag("cpu_usage/user/1", LAG("cpu_usage/user/1") OVER w, timestamp - LAG(timestamp) OVER w) AS val_4,
    irate_lag("cpu_usage/system/1", LAG("cpu_usage/system/1") OVER w, timestamp - LAG(timestamp) OVER w) AS val_5,
    irate_lag("cpu_usage/softirq/1", LAG("cpu_usage/softirq/1") OVER w, timestamp - LAG(timestamp) OVER w) AS val_6,
    irate_lag("cpu_usage/irq/1", LAG("cpu_usage/irq/1") OVER w, timestamp - LAG(timestamp) OVER w) AS val_7
  FROM _src
  WINDOW w AS (ORDER BY timestamp)
)
SELECT CAST(timestamp AS DOUBLE) / 1e9 AS t, ((COALESCE(val_0, 0) + COALESCE(val_1, 0) + COALESCE(val_2, 0) + COALESCE(val_3, 0) + COALESCE(val_4, 0) + COALESCE(val_5, 0) + COALESCE(val_6, 0) + COALESCE(val_7, 0))) / 2000000000 AS v FROM rates WHERE val_0 IS NOT NULL OR val_1 IS NOT NULL OR val_2 IS NOT NULL OR val_3 IS NOT NULL OR val_4 IS NOT NULL OR val_5 IS NOT NULL OR val_6 IS NOT NULL OR val_7 IS NOT NULL

=========================
rezolus_cpu_ipns
=========================
WITH
a_rates AS (
  SELECT timestamp,
    irate_lag("cpu_instructions/0", LAG("cpu_instructions/0") OVER w, timestamp - LAG(timestamp) OVER w) AS val_0,
    irate_lag("cpu_instructions/1", LAG("cpu_instructions/1") OVER w, timestamp - LAG(timestamp) OVER w) AS val_1
  FROM _src
  WINDOW w AS (ORDER BY timestamp)
),
a_summed AS (
      SELECT timestamp, (COALESCE(val_0, 0) + COALESCE(val_1, 0)) AS v FROM a_rates WHERE val_0 IS NOT NULL OR val_1 IS NOT NULL
),
b_rates AS (
  SELECT timestamp,
    irate_lag("cpu_cycles/0", LAG("cpu_cycles/0") OVER w, timestamp - LAG(timestamp) OVER w) AS val_0,
    irate_lag("cpu_cycles/1", LAG("cpu_cycles/1") OVER w, timestamp - LAG(timestamp) OVER w) AS val_1
  FROM _src
  WINDOW w AS (ORDER BY timestamp)
),
b_summed AS (
      SELECT timestamp, (COALESCE(val_0, 0) + COALESCE(val_1, 0)) AS v FROM b_rates WHERE val_0 IS NOT NULL OR val_1 IS NOT NULL
),
c_rates AS (
  SELECT timestamp,
    irate_lag("cpu_tsc/0", LAG("cpu_tsc/0") OVER w, timestamp - LAG(timestamp) OVER w) AS val_0,
    irate_lag("cpu_tsc/1", LAG("cpu_tsc/1") OVER w, timestamp - LAG(timestamp) OVER w) AS val_1
  FROM _src
  WINDOW w AS (ORDER BY timestamp)
),
c_summed AS (
      SELECT timestamp, (COALESCE(val_0, 0) + COALESCE(val_1, 0)) AS v FROM c_rates WHERE val_0 IS NOT NULL OR val_1 IS NOT NULL
),
d_rates AS (
  SELECT timestamp,
    irate_lag("cpu_aperf/0", LAG("cpu_aperf/0") OVER w, timestamp - LAG(timestamp) OVER w) AS val_0,
    irate_lag("cpu_aperf/1", LAG("cpu_aperf/1") OVER w, timestamp - LAG(timestamp) OVER w) AS val_1
  FROM _src
  WINDOW w AS (ORDER BY timestamp)
),
d_summed AS (
      SELECT timestamp, (COALESCE(val_0, 0) + COALESCE(val_1, 0)) AS v FROM d_rates WHERE val_0 IS NOT NULL OR val_1 IS NOT NULL
),
e_rates AS (
  SELECT timestamp,
    irate_lag("cpu_mperf/0", LAG("cpu_mperf/0") OVER w, timestamp - LAG(timestamp) OVER w) AS val_0,
    irate_lag("cpu_mperf/1", LAG("cpu_mperf/1") OVER w, timestamp - LAG(timestamp) OVER w) AS val_1
  FROM _src
  WINDOW w AS (ORDER BY timestamp)
),
e_summed AS (
      SELECT timestamp, (COALESCE(val_0, 0) + COALESCE(val_1, 0)) AS v FROM e_rates WHERE val_0 IS NOT NULL OR val_1 IS NOT NULL
),
cores AS (
  SELECT timestamp, CAST("cpu_cores" AS DOUBLE) AS v FROM _src
)
SELECT CAST(a.timestamp AS DOUBLE) / 1e9 AS t, ((a.v / NULLIF(b.v, 0) * c.v * d.v / NULLIF(e.v, 0)) / 1e9 / NULLIF(cores.v, 0)) AS v
FROM a_summed a JOIN b_summed b ON a.timestamp = b.timestamp JOIN c_summed c ON a.timestamp = c.timestamp JOIN d_summed d ON a.timestamp = d.timestamp JOIN e_summed e ON a.timestamp = e.timestamp JOIN cores cores ON a.timestamp = cores.timestamp

=========================
rezolus_cpu_ipns_per_id
=========================
WITH
a_rates AS (
  SELECT timestamp,
    irate_lag("cpu_instructions/0", LAG("cpu_instructions/0") OVER w, timestamp - LAG(timestamp) OVER w) AS val_0,
    irate_lag("cpu_instructions/1", LAG("cpu_instructions/1") OVER w, timestamp - LAG(timestamp) OVER w) AS val_1
  FROM _src
  WINDOW w AS (ORDER BY timestamp)
),
a_summed AS (
      SELECT timestamp, (COALESCE(val_0, 0)) AS v, '0' AS "id" FROM a_rates WHERE val_0 IS NOT NULL
      UNION ALL
      SELECT timestamp, (COALESCE(val_1, 0)) AS v, '1' AS "id" FROM a_rates WHERE val_1 IS NOT NULL
),
b_rates AS (
  SELECT timestamp,
    irate_lag("cpu_cycles/0", LAG("cpu_cycles/0") OVER w, timestamp - LAG(timestamp) OVER w) AS val_0,
    irate_lag("cpu_cycles/1", LAG("cpu_cycles/1") OVER w, timestamp - LAG(timestamp) OVER w) AS val_1
  FROM _src
  WINDOW w AS (ORDER BY timestamp)
),
b_summed AS (
      SELECT timestamp, (COALESCE(val_0, 0)) AS v, '0' AS "id" FROM b_rates WHERE val_0 IS NOT NULL
      UNION ALL
      SELECT timestamp, (COALESCE(val_1, 0)) AS v, '1' AS "id" FROM b_rates WHERE val_1 IS NOT NULL
),
c_rates AS (
  SELECT timestamp,
    irate_lag("cpu_tsc/0", LAG("cpu_tsc/0") OVER w, timestamp - LAG(timestamp) OVER w) AS val_0,
    irate_lag("cpu_tsc/1", LAG("cpu_tsc/1") OVER w, timestamp - LAG(timestamp) OVER w) AS val_1
  FROM _src
  WINDOW w AS (ORDER BY timestamp)
),
c_summed AS (
      SELECT timestamp, (COALESCE(val_0, 0)) AS v, '0' AS "id" FROM c_rates WHERE val_0 IS NOT NULL
      UNION ALL
      SELECT timestamp, (COALESCE(val_1, 0)) AS v, '1' AS "id" FROM c_rates WHERE val_1 IS NOT NULL
),
d_rates AS (
  SELECT timestamp,
    irate_lag("cpu_aperf/0", LAG("cpu_aperf/0") OVER w, timestamp - LAG(timestamp) OVER w) AS val_0,
    irate_lag("cpu_aperf/1", LAG("cpu_aperf/1") OVER w, timestamp - LAG(timestamp) OVER w) AS val_1
  FROM _src
  WINDOW w AS (ORDER BY timestamp)
),
d_summed AS (
      SELECT timestamp, (COALESCE(val_0, 0)) AS v, '0' AS "id" FROM d_rates WHERE val_0 IS NOT NULL
      UNION ALL
      SELECT timestamp, (COALESCE(val_1, 0)) AS v, '1' AS "id" FROM d_rates WHERE val_1 IS NOT NULL
),
e_rates AS (
  SELECT timestamp,
    irate_lag("cpu_mperf/0", LAG("cpu_mperf/0") OVER w, timestamp - LAG(timestamp) OVER w) AS val_0,
    irate_lag("cpu_mperf/1", LAG("cpu_mperf/1") OVER w, timestamp - LAG(timestamp) OVER w) AS val_1
  FROM _src
  WINDOW w AS (ORDER BY timestamp)
),
e_summed AS (
      SELECT timestamp, (COALESCE(val_0, 0)) AS v, '0' AS "id" FROM e_rates WHERE val_0 IS NOT NULL
      UNION ALL
      SELECT timestamp, (COALESCE(val_1, 0)) AS v, '1' AS "id" FROM e_rates WHERE val_1 IS NOT NULL
)
SELECT CAST(a.timestamp AS DOUBLE) / 1e9 AS t, ((a.v / NULLIF(b.v, 0) * c.v * d.v / NULLIF(e.v, 0)) / 1e9) AS v, a."id"
FROM a_summed a JOIN b_summed b ON a.timestamp = b.timestamp AND a."id" = b."id" JOIN c_summed c ON a.timestamp = c.timestamp AND a."id" = c."id" JOIN d_summed d ON a.timestamp = d.timestamp AND a."id" = d."id" JOIN e_summed e ON a.timestamp = e.timestamp AND a."id" = e."id"

=========================
rezolus_cpu_user_per_id
=========================
WITH rates AS (
  SELECT timestamp,
    irate_lag("cpu_usage/user/0", LAG("cpu_usage/user/0") OVER w, timestamp - LAG(timestamp) OVER w) AS val_0,
    irate_lag("cpu_usage/user/1", LAG("cpu_usage/user/1") OVER w, timestamp - LAG(timestamp) OVER w) AS val_1
  FROM _src
  WINDOW w AS (ORDER BY timestamp)
)
SELECT CAST(timestamp AS DOUBLE) / 1e9 AS t, ((COALESCE(val_0, 0))) / 1000000000 AS v, '0' AS "id" FROM rates WHERE val_0 IS NOT NULL
      UNION ALL
      SELECT CAST(timestamp AS DOUBLE) / 1e9 AS t, ((COALESCE(val_1, 0))) / 1000000000 AS v, '1' AS "id" FROM rates WHERE val_1 IS NOT NULL

=========================
softirq_irate_by_id_by_kind
=========================
WITH rates AS (
  SELECT timestamp,
    irate_lag("softirq/hi/0", LAG("softirq/hi/0") OVER w, timestamp - LAG(timestamp) OVER w) AS val_0,
    irate_lag("softirq/hi/1", LAG("softirq/hi/1") OVER w, timestamp - LAG(timestamp) OVER w) AS val_1
  FROM _src
  WINDOW w AS (ORDER BY timestamp)
)
SELECT CAST(timestamp AS DOUBLE) / 1e9 AS t, ((COALESCE(val_0, 0))) AS v, '0' AS "id" FROM rates WHERE val_0 IS NOT NULL
      UNION ALL
      SELECT CAST(timestamp AS DOUBLE) / 1e9 AS t, ((COALESCE(val_1, 0))) AS v, '1' AS "id" FROM rates WHERE val_1 IS NOT NULL

=========================
softirq_irate_total_by_kind
=========================
WITH rates AS (
  SELECT timestamp,
    irate_lag("softirq/hi/0", LAG("softirq/hi/0") OVER w, timestamp - LAG(timestamp) OVER w) AS val_0,
    irate_lag("softirq/hi/1", LAG("softirq/hi/1") OVER w, timestamp - LAG(timestamp) OVER w) AS val_1
  FROM _src
  WINDOW w AS (ORDER BY timestamp)
)
SELECT CAST(timestamp AS DOUBLE) / 1e9 AS t, ((COALESCE(val_0, 0) + COALESCE(val_1, 0))) AS v FROM rates WHERE val_0 IS NOT NULL OR val_1 IS NOT NULL

=========================
softirq_time_pct_by_id_by_kind
=========================
WITH rates AS (
  SELECT timestamp,
    irate_lag("softirq_time/net_rx/0", LAG("softirq_time/net_rx/0") OVER w, timestamp - LAG(timestamp) OVER w) AS val_0,
    irate_lag("softirq_time/net_rx/1", LAG("softirq_time/net_rx/1") OVER w, timestamp - LAG(timestamp) OVER w) AS val_1
  FROM _src
  WINDOW w AS (ORDER BY timestamp)
)
SELECT CAST(timestamp AS DOUBLE) / 1e9 AS t, ((COALESCE(val_0, 0))) / 1000000000 AS v, '0' AS "id" FROM rates WHERE val_0 IS NOT NULL
      UNION ALL
      SELECT CAST(timestamp AS DOUBLE) / 1e9 AS t, ((COALESCE(val_1, 0))) / 1000000000 AS v, '1' AS "id" FROM rates WHERE val_1 IS NOT NULL

=========================
softirq_time_pct_by_kind
=========================
WITH rates AS (
  SELECT timestamp,
    irate_lag("softirq_time/net_rx/0", LAG("softirq_time/net_rx/0") OVER w, timestamp - LAG(timestamp) OVER w) AS val_0,
    irate_lag("softirq_time/net_rx/1", LAG("softirq_time/net_rx/1") OVER w, timestamp - LAG(timestamp) OVER w) AS val_1
  FROM _src
  WINDOW w AS (ORDER BY timestamp)
)
SELECT CAST(timestamp AS DOUBLE) / 1e9 AS t, ((COALESCE(val_0, 0) + COALESCE(val_1, 0))) / 2000000000 AS v FROM rates WHERE val_0 IS NOT NULL OR val_1 IS NOT NULL
