---
source: metriken-query/tests/golden.rs
assertion_line: 162
---
{
  "result": [
    {
      "metric": {},
      "values": [
        [
          1.0,
          0.99998
        ],
        [
          2.0,
          0.99998
        ],
        [
          3.0,
          0.99998
        ],
        [
          4.0,
          0.99998
        ],
        [
          5.0,
          0.99998
        ],
        [
          6.0,
          0.99998
        ],
        [
          7.0,
          0.99998
        ],
        [
          8.0,
          0.99998
        ],
        [
          9.0,
          0.99998
        ],
        [
          10.0,
          0.99998
        ],
        [
          11.0,
          0.99998
        ],
        [
          12.0,
          0.99998
        ],
        [
          13.0,
          0.99998
        ],
        [
          14.0,
          0.99998
        ],
        [
          15.0,
          0.99998
        ],
        [
          16.0,
          0.99998
        ],
        [
          17.0,
          0.99998
        ],
        [
          18.0,
          0.99998
        ],
        [
          19.0,
          0.99998
        ],
        [
          20.0,
          0.99998
        ]
      ]
    }
  ],
  "resultType": "matrix"
}
