---
source: metriken-query/tests/golden.rs
---
{
  "result": [
    {
      "metric": {
        "source": "cachecannon"
      },
      "values": [
        [
          0.0,
          1.0
        ],
        [
          1.0,
          1.01
        ],
        [
          2.0,
          1.02
        ],
        [
          3.0,
          1.03
        ],
        [
          4.0,
          1.04
        ],
        [
          5.0,
          1.05
        ],
        [
          6.0,
          1.06
        ],
        [
          7.0,
          1.07
        ],
        [
          8.0,
          1.08
        ],
        [
          9.0,
          1.09
        ],
        [
          10.0,
          1.1
        ]
      ]
    },
    {
      "metric": {
        "source": "valkey"
      },
      "values": [
        [
          0.0,
          2.0
        ],
        [
          1.0,
          2.01
        ],
        [
          2.0,
          2.02
        ],
        [
          3.0,
          2.03
        ],
        [
          4.0,
          2.04
        ],
        [
          5.0,
          2.05
        ],
        [
          6.0,
          2.06
        ],
        [
          7.0,
          2.07
        ],
        [
          8.0,
          2.08
        ],
        [
          9.0,
          2.09
        ],
        [
          10.0,
          2.1
        ]
      ]
    }
  ],
  "resultType": "matrix"
}
