---
source: metriken-query/tests/golden.rs
---
{
  "result": [
    {
      "metric": {
        "direction": "receive",
        "id": "0"
      },
      "values": [
        [
          0.0,
          0.0625
        ],
        [
          1.0,
          0.06250234360352477
        ],
        [
          2.0,
          0.06250468691413573
        ],
        [
          3.0,
          0.06250702993188777
        ],
        [
          4.0,
          0.06250937265683579
        ],
        [
          5.0,
          0.06251171508903468
        ],
        [
          6.0,
          0.0625140572285393
        ],
        [
          7.0,
          0.06251639907540452
        ],
        [
          8.0,
          0.06251874062968515
        ],
        [
          9.0,
          0.06252108189143607
        ],
        [
          10.0,
          0.06252342286071205
        ]
      ]
    }
  ],
  "resultType": "matrix"
}
