---
source: metriken-query/tests/golden.rs
---
{
  "result": [
    {
      "metric": {},
      "values": [
        [
          0.0,
          0.5121951219512195
        ],
        [
          1.0,
          0.513317191283293
        ],
        [
          2.0,
          0.5144230769230769
        ],
        [
          3.0,
          0.5155131264916468
        ],
        [
          4.0,
          0.5165876777251185
        ],
        [
          5.0,
          0.5176470588235295
        ],
        [
          6.0,
          0.5186915887850467
        ],
        [
          7.0,
          0.5197215777262181
        ],
        [
          8.0,
          0.5207373271889401
        ],
        [
          9.0,
          0.5217391304347826
        ],
        [
          10.0,
          0.5227272727272727
        ]
      ]
    }
  ],
  "resultType": "matrix"
}
