---
source: metriken-query/tests/golden.rs
assertion_line: 162
---
{
  "result": [
    {
      "metric": {},
      "values": [
        [
          1.0,
          102.4
        ],
        [
          2.0,
          51.2
        ],
        [
          3.0,
          34.13333333333333
        ],
        [
          5.0,
          102.4
        ],
        [
          6.0,
          51.2
        ],
        [
          7.0,
          34.13333333333333
        ],
        [
          9.0,
          102.4
        ],
        [
          10.0,
          51.2
        ]
      ]
    }
  ],
  "resultType": "matrix"
}
