---
source: metriken-query/tests/golden.rs
---
{
  "result": [
    {
      "metric": {
        "direction": "transmit",
        "id": "0"
      },
      "values": [
        [
          0.0,
          0.03125
        ],
        [
          1.0,
          0.03125117180176239
        ],
        [
          2.0,
          0.031252343457067865
        ],
        [
          3.0,
          0.031253514965943884
        ],
        [
          4.0,
          0.031254686328417894
        ],
        [
          5.0,
          0.03125585754451734
        ],
        [
          6.0,
          0.03125702861426965
        ],
        [
          7.0,
          0.03125819953770226
        ],
        [
          8.0,
          0.03125937031484258
        ],
        [
          9.0,
          0.031260540945718035
        ],
        [
          10.0,
          0.031261711430356026
        ]
      ]
    }
  ],
  "resultType": "matrix"
}
