---
source: metriken-query/tests/golden.rs
assertion_line: 132
---
{
  "result": {
    "bucket_bounds": [
      103,
      107,
      111,
      115,
      119,
      123,
      127,
      135,
      143,
      151,
      159,
      167,
      175,
      183,
      191,
      199,
      207,
      215,
      223,
      231,
      239,
      247,
      255,
      271,
      287,
      303,
      319,
      335,
      351,
      367,
      383,
      399,
      415,
      431,
      447,
      463,
      479,
      495,
      511,
      543,
      575,
      607,
      639,
      671,
      703,
      735,
      767,
      799,
      831,
      863,
      895,
      927,
      959,
      991,
      1023,
      1087,
      1151,
      1215,
      1279,
      1343,
      1407,
      1471,
      1535,
      1599,
      1663,
      1727,
      1791,
      1855,
      1919,
      1983,
      2047,
      2175,
      2303,
      2431,
      2559,
      2687,
      2815,
      2943,
      3071,
      3199,
      3327,
      3455,
      3583,
      3711,
      3839,
      3967,
      4095,
      4351,
      4607,
      4863,
      5119,
      5375,
      5631,
      5887,
      6143,
      6399,
      6655,
      6911,
      7167,
      7423,
      7679,
      7935,
      8191,
      8703,
      9215,
      9727,
      10239
    ],
    "data": [
      [
        0,
        0,
        1.0
      ],
      [
        0,
        106,
        1.0
      ],
      [
        1,
        0,
        1.0
      ],
      [
        1,
        106,
        1.0
      ],
      [
        2,
        0,
        1.0
      ],
      [
        2,
        106,
        1.0
      ],
      [
        3,
        0,
        1.0
      ],
      [
        3,
        106,
        1.0
      ],
      [
        4,
        0,
        1.0
      ],
      [
        4,
        106,
        1.0
      ],
      [
        5,
        0,
        1.0
      ],
      [
        5,
        106,
        1.0
      ],
      [
        6,
        0,
        1.0
      ],
      [
        6,
        106,
        1.0
      ],
      [
        7,
        0,
        1.0
      ],
      [
        7,
        106,
        1.0
      ],
      [
        8,
        0,
        1.0
      ],
      [
        8,
        106,
        1.0
      ],
      [
        9,
        0,
        1.0
      ],
      [
        9,
        106,
        1.0
      ]
    ],
    "max_value": 1.0,
    "min_value": 1.0,
    "timestamps": [
      1.0,
      2.0,
      3.0,
      4.0,
      5.0,
      6.0,
      7.0,
      8.0,
      9.0,
      10.0
    ]
  },
  "resultType": "histogram_heatmap"
}
