---
source: metriken-query/tests/golden.rs
assertion_line: 132
---
{
  "result": [
    {
      "metric": {
        "__name__": "request_latency",
        "quantile": "0.5"
      },
      "values": [
        [
          1.0,
          103.0
        ],
        [
          2.0,
          103.0
        ],
        [
          4.0,
          103.0
        ]
      ]
    }
  ],
  "resultType": "matrix"
}
