---
source: metriken-query/tests/golden.rs
assertion_line: 175
---
{
  "result": [
    {
      "metric": {
        "id": "0"
      },
      "values": [
        [
          1.0,
          0.005
        ],
        [
          2.0,
          0.005
        ],
        [
          3.0,
          0.005
        ],
        [
          4.0,
          0.005
        ],
        [
          5.0,
          0.005
        ],
        [
          6.0,
          0.005
        ],
        [
          7.0,
          0.005
        ],
        [
          8.0,
          0.005
        ],
        [
          9.0,
          0.005
        ],
        [
          10.0,
          0.005
        ]
      ]
    },
    {
      "metric": {
        "id": "1"
      },
      "values": [
        [
          1.0,
          0.004
        ],
        [
          2.0,
          0.004
        ],
        [
          3.0,
          0.004
        ],
        [
          4.0,
          0.004
        ],
        [
          5.0,
          0.004
        ],
        [
          6.0,
          0.004
        ],
        [
          7.0,
          0.004
        ],
        [
          8.0,
          0.004
        ],
        [
          9.0,
          0.004
        ],
        [
          10.0,
          0.004
        ]
      ]
    }
  ],
  "resultType": "matrix"
}
