---
source: metriken-query/tests/golden.rs
assertion_line: 175
---
{
  "result": [
    {
      "metric": {},
      "values": [
        [
          1.0,
          0.0045
        ],
        [
          2.0,
          0.0045
        ],
        [
          3.0,
          0.0045
        ],
        [
          4.0,
          0.0045
        ],
        [
          5.0,
          0.0045
        ],
        [
          6.0,
          0.0045
        ],
        [
          7.0,
          0.0045
        ],
        [
          8.0,
          0.0045
        ],
        [
          9.0,
          0.0045
        ],
        [
          10.0,
          0.0045
        ]
      ]
    }
  ],
  "resultType": "matrix"
}
